Package file_picker:linux references file_picker:linux as the default plugin, but it does not provide an inline implementation.
Ask the maintainers of file_picker to either avoid referencing a default implementation via `platforms: linux: default_package: file_picker` or add an inline implementation to file_picker via `platforms: linux:` `pluginClass` or `dartPluginClass`.

Package file_picker:macos references file_picker:macos as the default plugin, but it does not provide an inline implementation.
Ask the maintainers of file_picker to either avoid referencing a default implementation via `platforms: macos: default_package: file_picker` or add an inline implementation to file_picker via `platforms: macos:` `pluginClass` or `dartPluginClass`.

Package file_picker:windows references file_picker:windows as the default plugin, but it does not provide an inline implementation.
Ask the maintainers of file_picker to either avoid referencing a default implementation via `platforms: windows: default_package: file_picker` or add an inline implementation to file_picker via `platforms: windows:` `pluginClass` or `dartPluginClass`.

Package file_picker:linux references file_picker:linux as the default plugin, but it does not provide an inline implementation.
Ask the maintainers of file_picker to either avoid referencing a default implementation via `platforms: linux: default_package: file_picker` or add an inline implementation to file_picker via `platforms: linux:` `pluginClass` or `dartPluginClass`.

Package file_picker:macos references file_picker:macos as the default plugin, but it does not provide an inline implementation.
Ask the maintainers of file_picker to either avoid referencing a default implementation via `platforms: macos: default_package: file_picker` or add an inline implementation to file_picker via `platforms: macos:` `pluginClass` or `dartPluginClass`.

Package file_picker:windows references file_picker:windows as the default plugin, but it does not provide an inline implementation.
Ask the maintainers of file_picker to either avoid referencing a default implementation via `platforms: windows: default_package: file_picker` or add an inline implementation to file_picker via `platforms: windows:` `pluginClass` or `dartPluginClass`.

Package file_picker:linux references file_picker:linux as the default plugin, but it does not provide an inline implementation.
Ask the maintainers of file_picker to either avoid referencing a default implementation via `platforms: linux: default_package: file_picker` or add an inline implementation to file_picker via `platforms: linux:` `pluginClass` or `dartPluginClass`.

Package file_picker:macos references file_picker:macos as the default plugin, but it does not provide an inline implementation.
Ask the maintainers of file_picker to either avoid referencing a default implementation via `platforms: macos: default_package: file_picker` or add an inline implementation to file_picker via `platforms: macos:` `pluginClass` or `dartPluginClass`.

Package file_picker:windows references file_picker:windows as the default plugin, but it does not provide an inline implementation.
Ask the maintainers of file_picker to either avoid referencing a default implementation via `platforms: windows: default_package: file_picker` or add an inline implementation to file_picker via `platforms: windows:` `pluginClass` or `dartPluginClass`.

Package file_picker:linux references file_picker:linux as the default plugin, but it does not provide an inline implementation.
Ask the maintainers of file_picker to either avoid referencing a default implementation via `platforms: linux: default_package: file_picker` or add an inline implementation to file_picker via `platforms: linux:` `pluginClass` or `dartPluginClass`.

Package file_picker:macos references file_picker:macos as the default plugin, but it does not provide an inline implementation.
Ask the maintainers of file_picker to either avoid referencing a default implementation via `platforms: macos: default_package: file_picker` or add an inline implementation to file_picker via `platforms: macos:` `pluginClass` or `dartPluginClass`.

Package file_picker:windows references file_picker:windows as the default plugin, but it does not provide an inline implementation.
Ask the maintainers of file_picker to either avoid referencing a default implementation via `platforms: windows: default_package: file_picker` or add an inline implementation to file_picker via `platforms: windows:` `pluginClass` or `dartPluginClass`.

00:00 +0: loading C:/Users/ahana/Music/MAD/ElectrocityBD/test/widget_test.dart
Package file_picker:linux references file_picker:linux as the default plugin, but it does not provide an inline implementation.
Ask the maintainers of file_picker to either avoid referencing a default implementation via `platforms: linux: default_package: file_picker` or add an inline implementation to file_picker via `platforms: linux:` `pluginClass` or `dartPluginClass`.

Package file_picker:macos references file_picker:macos as the default plugin, but it does not provide an inline implementation.
Ask the maintainers of file_picker to either avoid referencing a default implementation via `platforms: macos: default_package: file_picker` or add an inline implementation to file_picker via `platforms: macos:` `pluginClass` or `dartPluginClass`.

Package file_picker:windows references file_picker:windows as the default plugin, but it does not provide an inline implementation.
Ask the maintainers of file_picker to either avoid referencing a default implementation via `platforms: windows: default_package: file_picker` or add an inline implementation to file_picker via `platforms: windows:` `pluginClass` or `dartPluginClass`.

lib/pages/Profiles/WishLists.dart:484:19: Error: Not a constant expression.
            const Footer(),
                  ^^^^^^
00:00 +0 -1: loading C:/Users/ahana/Music/MAD/ElectrocityBD/test/widget_test.dart [E]
  Failed to load "C:/Users/ahana/Music/MAD/ElectrocityBD/test/widget_test.dart":
  Compilation failed for testPath=C:/Users/ahana/Music/MAD/ElectrocityBD/test/widget_test.dart: lib/pages/Profiles/WishLists.dart:484:19: Error: Not a constant expression.
              const Footer(),
                    ^^^^^^
  .
00:00 +0 -1: Some tests failed.
